case__118: 
reg__30: 
case__132: 
logic__15: 
extrom__1: 
logic__327: 
datapath__6: 
reg__8: 
datapath__2: 
block_rom__parameterized1: 
case__50: 
case__38: 
logic__300: 
logic__329: 
reg__39: 
reg__34: 
reg__45: 
logic__344: 
logic__334: 
muxpart__20: 
logic__395: 
case__143: 
case__109: 
case__34: 
reg__47: 
case__149: 
logic__369: 
case__27: 
logic__99: 
datapath__28: 
muxpart__25: 
muxpart__21: 
case__37: 
datapath__3: 
block_rom__parameterized2: 
case__117: 
reg__27: 
reg__21: 
logic__112: 
case__106: 
logic__309: 
reg__17: 
datapath__20: 
datapath__4: 
logic__102: 
case__49: 
logic__297: 
datapath: 
case__146: 
logic__1: 
reg__6: 
reg__29: 
case__120: 
logic__66: 
dsp48e1: 
logic__324: 
datapath__30: 
muxpart__65: 
muxpart__55: 
logic__69: 
case__4: 
case__141: 
reg__9: 
counter__1: 
reg__13: 
datapath__24: 
case__125: 
muxpart__67: 
extrom__2: 
case__2: 
logic__397: 
case__153: 
datapath__16: 
case__58: 
logic__13: 
logic__378: 
case__53: 
datapath__13: 
counter__2: 
muxpart__16: 
datapath__7: 
case__111: 
case__43: 
reg__46: 
logic__119: 
reg__5: 
reg__32: 
datapath__26: 
logic__80: 
datapath__27: 
logic__285: 
muxpart__62: 
logic__108: 
logic__296: 
muxpart: 
case__103: 
reg__7: 
muxpart__57: 
logic__357: 
case__1: 
case__57: 
case__92: 
logic__313: 
case__139: 
case__129: 
logic__89: 
datapath__15: 
logic__71: 
reg__3: 
case__5: 
case__128: 
logic__3: 
logic__391: 
muxpart__58: 
datapath__29: 
case__100: 
reg__36: 
block_rom__parameterized0: 
logic__76: 
logic__292: 
block_ram: 
case__115: 
reg__54: 
extram: 
reg__49: 
logic__10: 
muxpart__66: 
reg__33: 
muxpart__19: 
reg__38: 
muxpart__18: 
case__137: 
case__51: 
ili9341_display_controller: 
reg__57: 
datapath__32: 
logic__384: 
case__59: 
case__54: 
case__145: 
case__156: 
logic__360: 
case__69: 
reg__53: 
muxpart__22: 
case__133: 
logic__148: 
logic__20: 
case__116: 
case__148: 
datapath__22: 
muxpart__15: 
logic__157: 
logic__67: 
logic__79: 
muxpart__60: 
datapath__12: 
case__96: 
reg__43: 
case__94: 
logic__253: 
reg__51: 
reg__19: 
case__113: 
logic__299: 
case__36: 
logic__93: 
case__121: 
muxpart__63: 
case__31: 
logic__147: 
case__55: 
logic__75: 
case__119: 
case__39: 
datapath__14: 
logic__145: 
case__127: 
dsp48e1__2: 
case: 
logic__14: 
counter__3: 
case__130: 
datapath__1: 
case__63: 
logic__92: 
logic__337: 
reg__22: 
case__155: 
case__60: 
muxpart__61: 
case__95: 
reg__28: 
logic__146: 
logic__163: 
case__142: 
datapath__9: 
logic__101: 
reg__23: 
case__28: 
case__114: 
case__107: 
block_rom: 
logic__74: 
case__47: 
datapath__21: 
case__40: 
logic__323: 
datapath__5: 
case__52: 
case__152: 
case__136: 
case__65: 
reg__44: 
datapath__25: 
reg__16: 
reg__40: 
logic__153: 
case__138: 
logic__382: 
logic__120: 
case__62: 
logic__18: 
spi_controller: 
logic__97: 
case__99: 
datapath__23: 
logic__156: 
logic__166: 
reg__4: 
case__147: 
logic__341: 
case__46: 
muxpart__24: 
case__35: 
logic__330: 
logic__354: 
logic__249: 
logic__5: 
logic__289: 
logic: 
reg__20: 
case__122: 
logic__87: 
reg: 
counter: 
reg__37: 
dsp48e1__1: 
extrom: 
case__144: 
logic__161: 
reg__15: 
datapath__10: 
logic__160: 
logic__94: 
muxpart__59: 
case__105: 
logic__105: 
dsp48e1__3: 
logic__298: 
reg__48: 
reg__55: 
case__97: 
logic__305: 
extrom__3: 
case__98: 
muxpart__64: 
logic__19: 
case__42: 
reg__35: 
reg__14: 
datapath__18: 
muxpart__17: 
datapath__8: 
muxpart__26: 
reg__56: 
logic__70: 
logic__280: 
reg__10: 
case__131: 
logic__150: 
logic__107: 
logic__23: 
case__25: 
logic__254: 
case__126: 
logic__140: 
case__64: 
composite: 
case__68: 
case__29: 
datapath__19: 
case__112: 
case__61: 
case__45: 
logic__143: 
datapath__31: 
case__26: 
reg__11: 
reg__41: 
case__41: 
ft6206_controller: 
logic__149: 
case__48: 
logic__2: 
case__56: 
case__124: 
case__151: 
logic__333: 
muxpart__23: 
muxpart__56: 
logic__162: 
case__150: 
case__140: 
reg__24: 
reg__42: 
datapath__17: 
logic__116: 
case__154: 
case__93: 
reg__12: 
color_decompress: 
main: 
reg__50: 
case__110: 
logic__144: 
reg__18: 
logic__4: 
i2c_controller: 
logic__130: 
reg__52: 
case__123: 
case__30: 
case__44: 
logic__113: 
logic__361: 
case__108: 
logic__168: 
reg__31: 
case__32: 
logic__362: 
case__104: 
datapath__11: 
case__102: 
